// Jest Snapshot v1, https://goo.gl/fbAQLP

exports[`AboutUs matches snapshot render AboutUs 1`] = `
<div>
  <main
    class="MuiGrid-root AboutUs-root-1 MuiGrid-container"
  >
    <div
      class="row align-items-center my-5"
    >
      <div
        class="col-lg-7"
      >
        <img
          alt=""
          class="img-fluid rounded mb-4 mb-lg-0"
          src="logo.svg"
        />
      </div>
      <div
        class="col-lg-5"
      >
        <h1
          class="font-weight-light"
        >
          About Us
        </h1>
        <p>
          To be populated......
        </p>
      </div>
    </div>
  </main>
</div>
`;

exports[`Rendering page About page renders without crashing 1`] = `
<div>
  <main
    class="MuiGrid-root AboutUs-root-1 MuiGrid-container"
  >
    <div
      class="row align-items-center my-5"
    >
      <div
        class="col-lg-7"
      >
        <img
          alt=""
          class="img-fluid rounded mb-4 mb-lg-0"
          src="logo.svg"
        />
      </div>
      <div
        class="col-lg-5"
      >
        <h1
          class="font-weight-light"
        >
          About Us
        </h1>
        <p>
          To be populated......
        </p>
      </div>
    </div>
  </main>
</div>
`;
