// Jest Snapshot v1, https://goo.gl/fbAQLP

exports[`AboutUs matches snapshot render AboutUs 1`] = `
<div>
  <main
    class="MuiGrid-root AboutUs-root-1 MuiGrid-container"
  >
    <h1>
      <div
        class="null animate__animated animate__fadeIn"
        style="animation-delay: 0ms; animation-duration: 4000ms; pointer-events: all;"
      >
        Who Are We ?
      </div>
    </h1>
    <div
      class="null animate__animated animate__fadeIn"
      style="animation-delay: 0ms; animation-duration: 2000ms; pointer-events: all;"
    >
      <div
        class="makeStyles-root-2"
      >
        <div
          class="MuiAvatar-root MuiAvatar-circular makeStyles-large-4"
        >
          <img
            alt="P1"
            class="MuiAvatar-img"
            src="p1.jpg"
          />
        </div>
        <div
          class="MuiAvatar-root MuiAvatar-circular makeStyles-large-4"
        >
          <img
            alt="P2"
            class="MuiAvatar-img"
            src="p2.jpg"
          />
        </div>
        <div
          class="MuiAvatar-root MuiAvatar-circular makeStyles-large-4"
        >
          <img
            alt="P3"
            class="MuiAvatar-img"
            src="p3.jpg"
          />
        </div>
        <div
          class="MuiAvatar-root MuiAvatar-circular makeStyles-large-4"
        >
          <img
            alt="P4"
            class="MuiAvatar-img"
            src="p4.jpg"
          />
        </div>
      </div>
    </div>
  </main>
</div>
`;

exports[`Rendering page About page renders without crashing 1`] = `
<div>
  <main
    class="MuiGrid-root AboutUs-root-1 MuiGrid-container"
  >
    <h1>
      <div
        class="null animate__animated animate__fadeIn"
        style="animation-delay: 0ms; animation-duration: 4000ms; pointer-events: all;"
      >
        Who Are We ?
      </div>
    </h1>
    <div
      class="null animate__animated animate__fadeIn"
      style="animation-delay: 0ms; animation-duration: 2000ms; pointer-events: all;"
    >
      <div
        class="makeStyles-root-2"
      >
        <div
          class="MuiAvatar-root MuiAvatar-circular makeStyles-large-4"
        >
          <img
            alt="P1"
            class="MuiAvatar-img"
            src="p1.jpg"
          />
        </div>
        <div
          class="MuiAvatar-root MuiAvatar-circular makeStyles-large-4"
        >
          <img
            alt="P2"
            class="MuiAvatar-img"
            src="p2.jpg"
          />
        </div>
        <div
          class="MuiAvatar-root MuiAvatar-circular makeStyles-large-4"
        >
          <img
            alt="P3"
            class="MuiAvatar-img"
            src="p3.jpg"
          />
        </div>
        <div
          class="MuiAvatar-root MuiAvatar-circular makeStyles-large-4"
        >
          <img
            alt="P4"
            class="MuiAvatar-img"
            src="p4.jpg"
          />
        </div>
      </div>
    </div>
  </main>
</div>
`;
