// Jest Snapshot v1, https://goo.gl/fbAQLP

exports[`Rendering page EditBook renders without crashing 1`] = `
<div>
  <div
    class="MuiLinearProgress-root MuiLinearProgress-colorPrimary MuiLinearProgress-indeterminate"
    role="progressbar"
    style="top: 80px; position: absolute; width: 100vw;"
  >
    <div
      class="MuiLinearProgress-bar MuiLinearProgress-barColorPrimary MuiLinearProgress-bar1Indeterminate"
    />
    <div
      class="MuiLinearProgress-bar MuiLinearProgress-bar2Indeterminate MuiLinearProgress-barColorPrimary"
    />
  </div>
</div>
`;
